============================================================================
[G1] Event-detection delay on STEP (onset t=120), matched rate, 20 seeds
============================================================================
  SmartMQ  mean  0.80  sd 2.09  max  9  misses(>60): 0/20
  SOD      mean  0.00  sd 0.00  max  0  misses(>60): 0/20
  MSOD     mean  0.00  sd 0.00  max  0  misses(>60): 0/20
  VBT      mean  0.05  sd 0.22  max  1  misses(>60): 0/20
  Zhang23  mean  0.00  sd 0.00  max  0  misses(>60): 0/20

============================================================================
[G2] Hardware moving-block bootstrap 95% CI for Z (block=50, 2000 reps)
============================================================================
  temperature  Z point 2.36   bootstrap 95% CI [1.80, 2.70]
  humidity     Z point 2.67   bootstrap 95% CI [1.87, 2.86]

============================================================================
[G3] Zhang23 at DEFAULT operating point: AoI (seed 42)
============================================================================
  flat      pub  2.3%  mean AoI  41.8  peak 148  viol(>30) 52.2%
  step      pub  2.7%  mean AoI  40.5  peak 148  viol(>30) 50.4%
  periodic  pub  9.0%  mean AoI   9.3  peak  40  viol(>30) 2.8%
  drift     pub  2.0%  mean AoI  29.4  peak  82  viol(>30) 45.8%

============================================================================
[G4] Dimensionless-constant robustness: C_TR, C_VAR x{0.5,0.75,1.25,1.5}
     (seed-42 Z ratio to base, Fig-5 protocol)
============================================================================
  min ratio 0.84  (C_TR x0.75, drift)
  max ratio 1.17  (C_VAR x0.5, drift)

============================================================================
[G5] Invariance re-confirmation with the PATCHED core (hw temperature)
============================================================================
  x+100    agreement 100.00%
  1.8x+32  agreement 100.00%
  10x      agreement 100.00%
  0.1x     agreement 100.00%
  0.01x+5  agreement 100.00%
